  Seat           Role          Repository       State            Task           Ses… Bac… Mod… Upti…
> ifrit          implementer界 magicite         busy (assigned)  magicite-400.… ifr… kiro ter…  1m5s
  odin           reviewer      —                idle (available) —              —    —    —        —
